// Jest Snapshot v1, https://goo.gl/fbAQLP

exports[`RouteContainer Component render snap 1`] = `
<ul
  className="route"
  onClick={[Function]}
>
  <li
    className="route__item"
    data-index="fake_id_00000"
    draggable="true"
    onDragStart={[Function]}
  >
    <div
      className="route__item-control"
    >
      <h3
        className="route__item-letter"
      >
        A
      </h3>
      <button
        className="route__item-button"
        type="button"
        value="up"
      >
        <svg
          className="icon"
          fill="none"
          viewBox="0 0 20 12"
          xmlns="http://www.w3.org/2000/svg"
        >
          <defs />
          <title
            id="title"
          >
            Переместить точку
          </title>
          <path
            className="icon__path"
            d="M10 0c.297 0 .593.113.82.339l8.84 8.84a1.158 1.158 0 11-1.637 1.639L10 2.796l-8.023 8.022A1.158 1.158 0 11.34 9.18L9.181.339C9.407.113 9.703 0 10 0z"
            fill="#798995"
          />
        </svg>
      </button>
      <button
        className="route__item-button"
        type="button"
        value="down"
      >
        <svg
          className="icon"
          fill="none"
          viewBox="0 0 20 12"
          xmlns="http://www.w3.org/2000/svg"
        >
          <defs />
          <title
            id="title"
          >
            Переместить точку
          </title>
          <path
            className="icon__path"
            d="M10 11.158c-.297 0-.593-.113-.82-.339L.34 1.978A1.158 1.158 0 111.976.34L10 8.362 18.023.34a1.158 1.158 0 111.638 1.638l-8.842 8.841a1.154 1.154 0 01-.819.339z"
            fill="#798995"
          />
        </svg>
      </button>
    </div>
    <div
      className="route__item-caption"
      title="координаты: 55°00′00″  37°00′00″"
    >
      <h3
        className="route__item-address"
      >
        fake address for test 0001
      </h3>
      <p
        className="route__item-name"
      >
        fake name for test
      </p>
    </div>
    <button
      className="route__item-button route__item-button--remove"
      type="button"
      value="remove"
    >
      <svg
        className="icon"
        fill="none"
        viewBox="0 0 30 30"
        xmlns="http://www.w3.org/2000/svg"
      >
        <defs />
        <title
          id="title"
        >
          Убрать точку маршрута
        </title>
        <g
          className="icon__path"
          clipPath="url(#clip0)"
          fill="#798995"
        >
          <path
            d="M19.143 10.857c.458.457.458 1.2 0 1.657L16.657 15l2.486 2.486a1.172 1.172 0 11-1.657 1.657L15 16.657l-2.486 2.486a1.172 1.172 0 01-1.657-1.657L13.343 15l-2.486-2.486a1.172 1.172 0 111.657-1.657L15 13.343l2.486-2.486a1.172 1.172 0 011.657 0zM20.602 3.621l-1.516-.628a1.172 1.172 0 01.897-2.165l1.515.628a1.172 1.172 0 11-.896 2.165z"
          />
          <path
            d="M15 0a1.172 1.172 0 110 2.344C8.005 2.344 2.344 8.004 2.344 15c0 6.995 5.66 12.656 12.656 12.656 6.995 0 12.656-5.66 12.656-12.656A1.172 1.172 0 0130 15c0 8.29-6.709 15-15 15-8.29 0-15-6.709-15-15C0 6.71 6.709 0 15 0zM24.53 6.63l-1.16-1.16a1.172 1.172 0 111.656-1.657l1.16 1.16a1.172 1.172 0 11-1.657 1.658zM28.538 11.549a1.172 1.172 0 01-1.531-.634l-.628-1.516a1.172 1.172 0 112.165-.897l.628 1.516a1.172 1.172 0 01-.634 1.53z"
          />
        </g>
        <defs>
          <clipPath
            id="clip0"
          >
            <path
              d="M0 0h30v30H0z"
              fill="#fff"
              transform="matrix(-1 0 0 1 30 0)"
            />
          </clipPath>
        </defs>
      </svg>
    </button>
  </li>
  <li
    className="route__item"
    data-index="fake_id_00001"
    draggable="true"
    onDragStart={[Function]}
  >
    <div
      className="route__item-control"
    >
      <h3
        className="route__item-letter"
      >
        B
      </h3>
      <button
        className="route__item-button"
        type="button"
        value="up"
      >
        <svg
          className="icon"
          fill="none"
          viewBox="0 0 20 12"
          xmlns="http://www.w3.org/2000/svg"
        >
          <defs />
          <title
            id="title"
          >
            Переместить точку
          </title>
          <path
            className="icon__path"
            d="M10 0c.297 0 .593.113.82.339l8.84 8.84a1.158 1.158 0 11-1.637 1.639L10 2.796l-8.023 8.022A1.158 1.158 0 11.34 9.18L9.181.339C9.407.113 9.703 0 10 0z"
            fill="#798995"
          />
        </svg>
      </button>
      <button
        className="route__item-button"
        type="button"
        value="down"
      >
        <svg
          className="icon"
          fill="none"
          viewBox="0 0 20 12"
          xmlns="http://www.w3.org/2000/svg"
        >
          <defs />
          <title
            id="title"
          >
            Переместить точку
          </title>
          <path
            className="icon__path"
            d="M10 11.158c-.297 0-.593-.113-.82-.339L.34 1.978A1.158 1.158 0 111.976.34L10 8.362 18.023.34a1.158 1.158 0 111.638 1.638l-8.842 8.841a1.154 1.154 0 01-.819.339z"
            fill="#798995"
          />
        </svg>
      </button>
    </div>
    <div
      className="route__item-caption"
      title="координаты: 58°00′00″  58°00′00″"
    >
      <h3
        className="route__item-address"
      >
        fake address for test 0002
      </h3>
      <p
        className="route__item-name"
      >
        fake name for test
      </p>
    </div>
    <button
      className="route__item-button route__item-button--remove"
      type="button"
      value="remove"
    >
      <svg
        className="icon"
        fill="none"
        viewBox="0 0 30 30"
        xmlns="http://www.w3.org/2000/svg"
      >
        <defs />
        <title
          id="title"
        >
          Убрать точку маршрута
        </title>
        <g
          className="icon__path"
          clipPath="url(#clip0)"
          fill="#798995"
        >
          <path
            d="M19.143 10.857c.458.457.458 1.2 0 1.657L16.657 15l2.486 2.486a1.172 1.172 0 11-1.657 1.657L15 16.657l-2.486 2.486a1.172 1.172 0 01-1.657-1.657L13.343 15l-2.486-2.486a1.172 1.172 0 111.657-1.657L15 13.343l2.486-2.486a1.172 1.172 0 011.657 0zM20.602 3.621l-1.516-.628a1.172 1.172 0 01.897-2.165l1.515.628a1.172 1.172 0 11-.896 2.165z"
          />
          <path
            d="M15 0a1.172 1.172 0 110 2.344C8.005 2.344 2.344 8.004 2.344 15c0 6.995 5.66 12.656 12.656 12.656 6.995 0 12.656-5.66 12.656-12.656A1.172 1.172 0 0130 15c0 8.29-6.709 15-15 15-8.29 0-15-6.709-15-15C0 6.71 6.709 0 15 0zM24.53 6.63l-1.16-1.16a1.172 1.172 0 111.656-1.657l1.16 1.16a1.172 1.172 0 11-1.657 1.658zM28.538 11.549a1.172 1.172 0 01-1.531-.634l-.628-1.516a1.172 1.172 0 112.165-.897l.628 1.516a1.172 1.172 0 01-.634 1.53z"
          />
        </g>
        <defs>
          <clipPath
            id="clip0"
          >
            <path
              d="M0 0h30v30H0z"
              fill="#fff"
              transform="matrix(-1 0 0 1 30 0)"
            />
          </clipPath>
        </defs>
      </svg>
    </button>
  </li>
</ul>
`;
