// Jest Snapshot v1, https://goo.gl/fbAQLP

exports[`unit render snap 1`] = `
<div
  className="header"
>
  <nav
    className="header__up-line"
  >
    <a
      aria-current="page"
      className="header__logo active"
      href="/"
      onClick={[Function]}
      style={Object {}}
    >
      FunRoute#
    </a>
    <a
      aria-current={null}
      className="header__menu-item"
      href="/help"
      onClick={[Function]}
    >
      Help
    </a>
    <a
      aria-current="page"
      className="header__menu-item header__menu-item--active"
      href="/"
      onClick={[Function]}
      style={Object {}}
    >
      Карта
    </a>
  </nav>
  <div
    className="header__decor-line"
  />
</div>
`;
