// Jest Snapshot v1, https://goo.gl/fbAQLP

exports[`Header component create render snap 1`] = `
<div
  className="header"
>
  <nav
    className="header__up-line"
  >
    <a
      className="header__logo"
      exact={true}
      href="/"
      onClick={[Function]}
    >
      FunRoute#
    </a>
    <a
      className="header__help"
      href="/help"
      onClick={[Function]}
    >
      Help
    </a>
  </nav>
  <div
    className="header__decor-line"
  />
</div>
`;
