// Jest Snapshot v1, https://goo.gl/fbAQLP

exports[`unit render snap 1`] = `
<div
  className="footer"
>
  <a
    className="footer__link"
    href="https://github.com/ILokalin/fun-route"
    rel="noopener noreferrer"
    target="_blank"
  >
    Ilya Lokalin. Test of React.JS 2019
  </a>
</div>
`;
